<p><h2><ruby>本章标题<rt>假名</rt></ruby></h2></p>
<p><a href="#page-2">page 2</a></p>
<p><a href="http://example.com">标题</a></p>
<p><hr id="page-2"></p>
<p><img src="https://pixiv.cat/22238487.jpg" /></p>
<p><hr id="page-3"></p>
<p><img src="https://pixiv.cat/52200823-1.jpg" /></p>
<p>p1</p>
<p></p>
<p>p2</p>
<p><img src="https://i.pixiv.cat/c/1200x1200/novel-cover-master/img/2021/01/10/22/47/21/tei14736_2b060b6d13271530d5439f9dbdfe81af_master1200.jpg" /></p>
<p></p>
<p>p3</p>