<h2><ruby>本章标题<rt>假名</rt></ruby></h2>
<a href="#page-2">page 2</a>
<a href="http://example.com">标题</a>
<hr id="page-1">
<img src=" https://pixiv.cat/22238487.jpg" />
<hr id="page-2">
<img src=" https://pixiv.cat/52200823-1.jpg" />
p1
